"[I:Arcade] Ambush!","64.37.134.136",9584,1,0,"Fast game of multiplayer "Keep Away!". Free Play Server, guests have names (but no other privelages)",50,0
"[I:Arcade] Bug Hunt","64.37.134.136",9258,1,0,"Marines vs The Skrall",50,0
"[I:Arcade] HC Boarding Action","64.37.134.136",9170,1,0,"2 teams try to board the others transport and capture it!",45,0
"[I:CTF] Twin Peaks","64.37.134.136",9244,1,0,"Infantry: CTF using the Twin Peaks map.",50,0
"[I:RPG] EOL Advanced","64.37.134.136",9335,1,0,"continuation of EOL Beta with more classes, more items, and more NPCs.",50,0
"[I:SK] Crimson Valley","64.37.134.136",9100,1,0,"Crimson Valley is a KOTH skirmish zone. Hold on to your crown while ridding the enemy of their's!",50,0
"[I:SK] Sniper School","64.37.134.136",9156,1,0,"Sniper School",43,0
"[I:Sports] GravBall PvK","64.37.134.136",9102,1,0,"GravBall is a soccer like sport for the weary soldier. This zone features the Europa Pirates vs. Elara Kings.",50,0
"[I:Sports] Soccer Brawl","64.37.134.136",9128,1,0,"Soccer Brawl! Football Infantry style!",50,0
"[League] CTFPL","64.37.134.136",9578,1,0,"Infantry: CTF Players League. Please visit http://ctfpl.infantry-sector.com/ for details.",98,0
"[League] GravBall League","64.37.134.136",9196,1,1951620217,"This zone is for members of the GravBall League to play matches, if you are not a member you can only spectate.",50,0
"[League] SBL","64.37.134.136",9126,1,1886404956,"Soccer Brawl League! Point your www browser to www.sbleague.net for information!",50,0
"[League] Skirmish League","64.37.134.136",9516,1,0,"Skirmish League. Goto http://www.skirmishleague.com/ for details.",101,0
"[League] USL","64.37.134.136",9182,1,0,"Unified Skirmish League Deathmatch gameplay using unified skirmish settings and based on Mechanized Skirmish and Elsdragon Compound. http://www.uslzone.com",100,0
"Test Zone 1","64.37.134.136",9222,1,0,"Primary testing zone for new maps",50,0
